// Jest Snapshot v1, https://goo.gl/fbAQLP

exports[`full app rendering/navigating 1`] = `
Array [
  <div
    className="sc-bdfBQB cqZURb"
  >
    <div
      className="sc-gsTEea fCeLxr"
    >
      <div
        className="sc-dlfnuX cVdvrT"
      >
        <h1>
           Reconnect With Nature
        </h1>
        <h4>
          There’s a whole world out there, right outside your window. You’d be a fool to miss it.
        </h4>
        <a
          href="/login"
          onClick={[Function]}
        >
          Start for free
        </a>
      </div>
    </div>
    <div
      className="sc-hKgJUU lhtyMn"
    >
      <div>
        <h2>
          Best way to spend you Vacation
        </h2>
        <h1>
          Comfortable Sites to visit
        </h1>
      </div>
      <div
        className="sc-eCstlR EFhEE"
      >
        <div>
          <h1>
            All Information you need 
          </h1>
          <p>
            Our yearly visits stats. Focusing a \`background-image\` on a Precise Location with Percentages
          </p>
          <a
            href="/login"
            onClick={[Function]}
          >
            Start for free
          </a>
        </div>
        <img
          className="sc-jSgvzq eqmZwv"
          src="stats.png"
        />
      </div>
      <div
        className="sc-gKseQn gvslRo"
      >
        <div>
          <img
            className="sc-jSgvzq eqmZwv"
            src="nature.png"
          />
          <div>
            <h1>
              Relax with a beautiful view 
            </h1>
            <p>
              Our yearly visits stats. Focusing a \`background-image\` on a Precise Location with Percentages
            </p>
            <a
              href="/login"
              onClick={[Function]}
            >
              Start for free
            </a>
          </div>
        </div>
      </div>
    </div>
    <div
      className="sc-iBPTik dJJYOz"
    />
    <div
      className="sc-fubCzh hquMjL"
    >
      <h3>
        Connect with Nature
      </h3>
      <a
        href="/login"
        onClick={[Function]}
      >
        Start for free
      </a>
    </div>
  </div>,
  ",",
]
`;
